[31m[1mCould not resolve rosdep key 'collada-dom' for distro 'trixie':[0m
[31m[1mTry to resolve the problem with rosdep and then continue.[0m
ROS Distro index file associate with commit '989a74401808a6710f4b369307b70f682268f3e1'[0m
New ROS Distro index url: 'https://raw.githubusercontent.com/ros/rosdistro/989a74401808a6710f4b369307b70f682268f3e1/index-v4.yaml'[0m
[1m[32m==> [0m[0mGenerating debs for [36mdebian:trixie[0m for package(s) ['collada_parser'][0m[0m
No definition of [collada-dom] for OS version [trixie]
	rosdep key : collada-dom
	OS name    : debian
	OS version : trixie
	Data:
debian:
		  buster:
		  - libcollada-dom2.4-dp-dev
		  stretch:
		  - libcollada-dom2.4-dp-dev
		fedora:
		- collada-dom-devel
		freebsd:
		- collada-dom
		gentoo:
		- dev-libs/collada-dom
		macports:
		- collada-dom
		nixos:
		- collada-dom
		openembedded:
		- collada-dom@meta-ros-common
		slackware:
		- collada-dom
		ubuntu:
		  '*':
		  - libcollada-dom2.4-dp-dev
		
[31m[1merror: (25, 'Inappropriate ioctl for device')[0m
[33mThis version of bloom is '0.12.0', but the newest available version is '0.14.3'. Please update.[0m
