ROS Distro index file associate with commit '888f5d3a3f8a33fa8a7cf8deb86bdf8bccc3a1c1'[0m
New ROS Distro index url: 'https://raw.githubusercontent.com/ros/rosdistro/888f5d3a3f8a33fa8a7cf8deb86bdf8bccc3a1c1/index-v4.yaml'[0m
[1m[32m==> [0m[0mGenerating debs for [36mdebian:bookworm[0m for package(s) ['cras_bag_tools'][0m[0m
[33mNo historical releaser history, using current maintainer name and email for each versioned changelog entry.[0m
Package 'cras-bag-tools' has dependencies:[0m
[35mRun Dependencies:[0m[0m
  [22m[4mrosdep key           => bookworm key[0m[0m
  [36mangles               [35m=> [36m['ros-one-angles'][0m[0m
  [36mcamera_calibration_parsers [35m=> [36m['ros-one-camera-calibration-parsers'][0m[0m
  [36mcras_py_common       [35m=> [36m['ros-one-cras-py-common'][0m[0m
  [36mcv_bridge            [35m=> [36m['ros-one-cv-bridge'][0m[0m
  [36mgenpy                [35m=> [36m['ros-one-genpy'][0m[0m
  [36mgeometry_msgs        [35m=> [36m['ros-one-geometry-msgs'][0m[0m
  [36mimage_transport_codecs [35m=> [36m['ros-one-image-transport-codecs'][0m[0m
  [36mkdl_parser_py        [35m=> [36m['ros-one-kdl-parser-py'][0m[0m
  [36mnav_msgs             [35m=> [36m['ros-one-nav-msgs'][0m[0m
  [36mpython3-imageio      [35m=> [36m['python3-imageio'][0m[0m
  [36mpython3-lxml         [35m=> [36m['python3-lxml'][0m[0m
  [36mpython3-marisa       [35m=> [36m['python3-marisa'][0m[0m
  [36mpython3-matplotlib   [35m=> [36m['python3-matplotlib'][0m[0m
  [36mpython3-numpy        [35m=> [36m['python3-numpy'][0m[0m
  [36mpython3-opencv       [35m=> [36m['python3-opencv'][0m[0m
  [36mpython3-pil          [35m=> [36m['python3-pil'][0m[0m
  [36mpython3-skimage      [35m=> [36m['python3-skimage'][0m[0m
  [36mpython3-tqdm         [35m=> [36m['python3-tqdm'][0m[0m
  [36mrosbag               [35m=> [36m['ros-one-rosbag'][0m[0m
  [36mroslib               [35m=> [36m['ros-one-roslib'][0m[0m
  [36mrospy                [35m=> [36m['ros-one-rospy'][0m[0m
  [36mros_numpy            [35m=> [36m['ros-one-ros-numpy'][0m[0m
  [36msensor_msgs          [35m=> [36m['ros-one-sensor-msgs'][0m[0m
  [36mtf2_msgs             [35m=> [36m['ros-one-tf2-msgs'][0m[0m
  [36mtf2_py               [35m=> [36m['ros-one-tf2-py'][0m[0m
  [36murdfdom_py           [35m=> [36m['ros-one-urdfdom-py'][0m[0m
  [36mvision_msgs          [35m=> [36m['ros-one-vision-msgs'][0m[0m
[35mBuild and Build Tool Dependencies:[0m[0m
  [22m[4mrosdep key           => bookworm key[0m[0m
  [36mcatkin               [35m=> [36m['catkin', 'libgtest-dev', 'libgmock-dev'][0m[0m
  [36mpython3-setuptools   [35m=> [36m['python3-setuptools'][0m[0m
[1m[34m==>[0m Placing templates files in the 'debian' folder.[0m[0m
[1m[34m==>[0m In place processing templates in 'debian' folder.[0m[0m
Expanding 'debian/rules.em' -> 'debian/rules'[0m
Expanding 'debian/source/options.em' -> 'debian/source/options'[0m
Expanding 'debian/source/format.em' -> 'debian/source/format'[0m
Expanding 'debian/changelog.em' -> 'debian/changelog'[0m
Expanding 'debian/control.em' -> 'debian/control'[0m
Expanding 'debian/copyright.em' -> 'debian/copyright'[0m
Expanding 'debian/compat.em' -> 'debian/compat'[0m
[33mThis version of bloom is '0.12.0', but the newest available version is '0.14.3'. Please update.[0m
