<string>:3: (WARNING/2) Duplicate explicit target name: "#174".
<string>:249: (WARNING/2) Inline emphasis start-string without end-string.
<string>:249: (WARNING/2) Inline emphasis start-string without end-string.
[1m[32m==> [0m[0mGenerating debs for [36mdebian:bookworm[0m for package(s) ['euscollada'][0m[0m
[33mNo historical releaser history, using current maintainer name and email for each versioned changelog entry.[0m
Package 'euscollada' has dependencies:[0m
[35mRun Dependencies:[0m[0m
  [22m[4mrosdep key           => bookworm key[0m[0m
  [36mroscpp               [35m=> [36m['ros-one-roscpp'][0m[0m
  [36mrospack              [35m=> [36m['ros-one-rospack'][0m[0m
  [36myaml-cpp             [35m=> [36m['libyaml-cpp-dev'][0m[0m
  [36massimp_devel         [35m=> [36m['ros-one-assimp-devel'][0m[0m
  [36murdf                 [35m=> [36m['ros-one-urdf'][0m[0m
  [36mliburdfdom-dev       [35m=> [36m['liburdfdom-dev'][0m[0m
  [36mresource_retriever   [35m=> [36m['ros-one-resource-retriever'][0m[0m
  [36mcollada-dom          [35m=> [36m['libcollada-dom2.4-dp-dev'][0m[0m
  [36mcollada_parser       [35m=> [36m['ros-one-collada-parser'][0m[0m
  [36mlibqhull             [35m=> [36m['libqhull-dev'][0m[0m
  [36mtf                   [35m=> [36m['ros-one-tf'][0m[0m
  [36mcollada_urdf         [35m=> [36m['ros-one-collada-urdf'][0m[0m
  [36mrostest              [35m=> [36m['ros-one-rostest'][0m[0m
[35mBuild and Build Tool Dependencies:[0m[0m
  [22m[4mrosdep key           => bookworm key[0m[0m
  [36mroscpp               [35m=> [36m['ros-one-roscpp'][0m[0m
  [36mrospack              [35m=> [36m['ros-one-rospack'][0m[0m
  [36myaml-cpp             [35m=> [36m['libyaml-cpp-dev'][0m[0m
  [36massimp_devel         [35m=> [36m['ros-one-assimp-devel'][0m[0m
  [36murdf                 [35m=> [36m['ros-one-urdf'][0m[0m
  [36mresource_retriever   [35m=> [36m['ros-one-resource-retriever'][0m[0m
  [36mcollada-dom          [35m=> [36m['libcollada-dom2.4-dp-dev'][0m[0m
  [36mcollada_parser       [35m=> [36m['ros-one-collada-parser'][0m[0m
  [36mliburdfdom-dev       [35m=> [36m['liburdfdom-dev'][0m[0m
  [36mlibqhull             [35m=> [36m['libqhull-dev'][0m[0m
  [36mcmake_modules        [35m=> [36m['ros-one-cmake-modules'][0m[0m
  [36mrosbuild             [35m=> [36m['ros-one-rosbuild'][0m[0m
  [36mrosboost_cfg         [35m=> [36m['ros-one-rosboost-cfg'][0m[0m
  [36mtf                   [35m=> [36m['ros-one-tf'][0m[0m
  [36mmk                   [35m=> [36m['ros-one-mk'][0m[0m
  [36mcollada_urdf         [35m=> [36m['ros-one-collada-urdf'][0m[0m
  [36mrostest              [35m=> [36m['ros-one-rostest'][0m[0m
  [36mcatkin               [35m=> [36m['catkin', 'libgtest-dev', 'libgmock-dev'][0m[0m
[1m[34m==>[0m Placing templates files in the 'debian' folder.[0m[0m
[1m[34m==>[0m In place processing templates in 'debian' folder.[0m[0m
Expanding 'debian/copyright.em' -> 'debian/copyright'[0m
Expanding 'debian/control.em' -> 'debian/control'[0m
Expanding 'debian/rules.em' -> 'debian/rules'[0m
Expanding 'debian/compat.em' -> 'debian/compat'[0m
Expanding 'debian/source/format.em' -> 'debian/source/format'[0m
Expanding 'debian/source/options.em' -> 'debian/source/options'[0m
Expanding 'debian/changelog.em' -> 'debian/changelog'[0m
[33mThis version of bloom is '0.12.0', but the newest available version is '0.13.0'. Please update.[0m
