ROS Distro index file associate with commit '41f8c133dac434049748da57fecdd01ab1348dd0'[0m
New ROS Distro index url: 'https://raw.githubusercontent.com/ros/rosdistro/41f8c133dac434049748da57fecdd01ab1348dd0/index-v4.yaml'[0m
[1m[32m==> [0m[0mGenerating debs for [36mdebian:bookworm[0m for package(s) ['grid_map_rviz_plugin'][0m[0m
[33mNo homepage set, defaulting to ''[0m
[33mNo historical releaser history, using current maintainer name and email for each versioned changelog entry.[0m
[33m[0m
[33mA CHANGELOG.rst was found, but no changelog for this version was found.[0m
[33mYou REALLY should have a entry (even a blank one) for each version of your package.[0m
[33m[0m
Package 'grid-map-rviz-plugin' has dependencies:[0m
[35mRun Dependencies:[0m[0m
  [22m[4mrosdep key           => bookworm key[0m[0m
  [36mlibqt5-core          [35m=> [36m['libqt5core5a'][0m[0m
  [36mlibqt5-gui           [35m=> [36m['libqt5gui5'][0m[0m
  [36mlibqt5-widgets       [35m=> [36m['libqt5widgets5'][0m[0m
  [36mrviz                 [35m=> [36m['ros-one-rviz'][0m[0m
  [36mgrid_map_ros         [35m=> [36m['ros-one-grid-map-ros'][0m[0m
  [36mgrid_map_msgs        [35m=> [36m['ros-one-grid-map-msgs'][0m[0m
[35mBuild and Build Tool Dependencies:[0m[0m
  [22m[4mrosdep key           => bookworm key[0m[0m
  [36mqtbase5-dev          [35m=> [36m['qtbase5-dev'][0m[0m
  [36mrviz                 [35m=> [36m['ros-one-rviz'][0m[0m
  [36mgrid_map_ros         [35m=> [36m['ros-one-grid-map-ros'][0m[0m
  [36mgrid_map_msgs        [35m=> [36m['ros-one-grid-map-msgs'][0m[0m
  [36mcatkin               [35m=> [36m['catkin', 'libgtest-dev', 'libgmock-dev'][0m[0m
[1m[34m==>[0m Placing templates files in the 'debian' folder.[0m[0m
[1m[34m==>[0m In place processing templates in 'debian' folder.[0m[0m
Expanding 'debian/copyright.em' -> 'debian/copyright'[0m
Expanding 'debian/control.em' -> 'debian/control'[0m
Expanding 'debian/rules.em' -> 'debian/rules'[0m
Expanding 'debian/compat.em' -> 'debian/compat'[0m
Expanding 'debian/source/format.em' -> 'debian/source/format'[0m
Expanding 'debian/source/options.em' -> 'debian/source/options'[0m
Expanding 'debian/changelog.em' -> 'debian/changelog'[0m
[33mThis version of bloom is '0.12.0', but the newest available version is '0.13.0'. Please update.[0m
