ROS Distro index file associate with commit '989a74401808a6710f4b369307b70f682268f3e1'[0m
New ROS Distro index url: 'https://raw.githubusercontent.com/ros/rosdistro/989a74401808a6710f4b369307b70f682268f3e1/index-v4.yaml'[0m
[1m[32m==> [0m[0mGenerating debs for [36mdebian:trixie[0m for package(s) ['husky_control'][0m[0m
[33mNo historical releaser history, using current maintainer name and email for each versioned changelog entry.[0m
Package 'husky-control' has dependencies:[0m
[35mRun Dependencies:[0m[0m
  [22m[4mrosdep key           => trixie key[0m[0m
  [36mhusky_description    [35m=> [36m['ros-one-husky-description'][0m[0m
  [36minteractive_marker_twist_server [35m=> [36m['ros-one-interactive-marker-twist-server'][0m[0m
  [36mdiff_drive_controller [35m=> [36m['ros-one-diff-drive-controller'][0m[0m
  [36mjoint_state_controller [35m=> [36m['ros-one-joint-state-controller'][0m[0m
  [36mjoint_trajectory_controller [35m=> [36m['ros-one-joint-trajectory-controller'][0m[0m
  [36mjoy                  [35m=> [36m['ros-one-joy'][0m[0m
  [36mrobot_localization   [35m=> [36m['ros-one-robot-localization'][0m[0m
  [36mrostopic             [35m=> [36m['ros-one-rostopic'][0m[0m
  [36mrobot_state_publisher [35m=> [36m['ros-one-robot-state-publisher'][0m[0m
  [36mcontroller_manager   [35m=> [36m['ros-one-controller-manager'][0m[0m
  [36mteleop_twist_joy     [35m=> [36m['ros-one-teleop-twist-joy'][0m[0m
  [36mteleop_twist_keyboard [35m=> [36m['ros-one-teleop-twist-keyboard'][0m[0m
  [36mtwist_mux            [35m=> [36m['ros-one-twist-mux'][0m[0m
[35mBuild and Build Tool Dependencies:[0m[0m
  [22m[4mrosdep key           => trixie key[0m[0m
  [36mroslaunch            [35m=> [36m['ros-one-roslaunch'][0m[0m
  [36mcatkin               [35m=> [36m['ros-one-catkin'][0m[0m
[1m[34m==>[0m Placing templates files in the 'debian' folder.[0m[0m
[1m[34m==>[0m In place processing templates in 'debian' folder.[0m[0m
Expanding 'debian/source/format.em' -> 'debian/source/format'[0m
Expanding 'debian/source/options.em' -> 'debian/source/options'[0m
Expanding 'debian/rules.em' -> 'debian/rules'[0m
Expanding 'debian/changelog.em' -> 'debian/changelog'[0m
Expanding 'debian/control.em' -> 'debian/control'[0m
Expanding 'debian/copyright.em' -> 'debian/copyright'[0m
Expanding 'debian/compat.em' -> 'debian/compat'[0m
[33mThis version of bloom is '0.12.0', but the newest available version is '0.14.3'. Please update.[0m
