ROS Distro index file associate with commit '888f5d3a3f8a33fa8a7cf8deb86bdf8bccc3a1c1'[0m
New ROS Distro index url: 'https://raw.githubusercontent.com/ros/rosdistro/888f5d3a3f8a33fa8a7cf8deb86bdf8bccc3a1c1/index-v4.yaml'[0m
[1m[32m==> [0m[0mGenerating debs for [36mdebian:bookworm[0m for package(s) ['husky_viz'][0m[0m
[33mNo historical releaser history, using current maintainer name and email for each versioned changelog entry.[0m
Package 'husky-viz' has dependencies:[0m
[35mRun Dependencies:[0m[0m
  [22m[4mrosdep key           => bookworm key[0m[0m
  [36mhusky_description    [35m=> [36m['ros-one-husky-description'][0m[0m
  [36mjoint_state_publisher [35m=> [36m['ros-one-joint-state-publisher'][0m[0m
  [36mrobot_state_publisher [35m=> [36m['ros-one-robot-state-publisher'][0m[0m
  [36mjoint_state_publisher_gui [35m=> [36m['ros-one-joint-state-publisher-gui'][0m[0m
  [36mrviz                 [35m=> [36m['ros-one-rviz'][0m[0m
  [36mrviz_imu_plugin      [35m=> [36m['ros-one-rviz-imu-plugin'][0m[0m
  [36mrqt_gui              [35m=> [36m['ros-one-rqt-gui'][0m[0m
  [36mrqt_console          [35m=> [36m['ros-one-rqt-console'][0m[0m
  [36mrqt_robot_monitor    [35m=> [36m['ros-one-rqt-robot-monitor'][0m[0m
[35mBuild and Build Tool Dependencies:[0m[0m
  [22m[4mrosdep key           => bookworm key[0m[0m
  [36mroslaunch            [35m=> [36m['ros-one-roslaunch'][0m[0m
  [36mcatkin               [35m=> [36m['catkin', 'libgtest-dev', 'libgmock-dev'][0m[0m
[1m[34m==>[0m Placing templates files in the 'debian' folder.[0m[0m
[1m[34m==>[0m In place processing templates in 'debian' folder.[0m[0m
Expanding 'debian/rules.em' -> 'debian/rules'[0m
Expanding 'debian/source/options.em' -> 'debian/source/options'[0m
Expanding 'debian/source/format.em' -> 'debian/source/format'[0m
Expanding 'debian/changelog.em' -> 'debian/changelog'[0m
Expanding 'debian/control.em' -> 'debian/control'[0m
Expanding 'debian/copyright.em' -> 'debian/copyright'[0m
Expanding 'debian/compat.em' -> 'debian/compat'[0m
[33mThis version of bloom is '0.12.0', but the newest available version is '0.14.3'. Please update.[0m
