ROS Distro index file associate with commit '177f8a3413c9b39edf86ff62eeba51c24731a57c'[0m
New ROS Distro index url: 'https://raw.githubusercontent.com/ros/rosdistro/177f8a3413c9b39edf86ff62eeba51c24731a57c/index-v4.yaml'[0m
[1m[32m==> [0m[0mGenerating debs for [36mdebian:bookworm[0m for package(s) ['husky_navigation'][0m[0m
[33mNo historical releaser history, using current maintainer name and email for each versioned changelog entry.[0m
Package 'husky-navigation' has dependencies:[0m
[35mRun Dependencies:[0m[0m
  [22m[4mrosdep key           => bookworm key[0m[0m
  [36mamcl                 [35m=> [36m['ros-one-amcl'][0m[0m
  [36mgmapping             [35m=> [36m['ros-one-gmapping'][0m[0m
  [36mmap_server           [35m=> [36m['ros-one-map-server'][0m[0m
  [36mmove_base            [35m=> [36m['ros-one-move-base'][0m[0m
  [36mnavfn                [35m=> [36m['ros-one-navfn'][0m[0m
  [36mbase_local_planner   [35m=> [36m['ros-one-base-local-planner'][0m[0m
  [36mdwa_local_planner    [35m=> [36m['ros-one-dwa-local-planner'][0m[0m
[35mBuild and Build Tool Dependencies:[0m[0m
  [22m[4mrosdep key           => bookworm key[0m[0m
  [36mroslaunch            [35m=> [36m['ros-one-roslaunch'][0m[0m
  [36mcatkin               [35m=> [36m['ros-one-catkin'][0m[0m
[1m[34m==>[0m Placing templates files in the 'debian' folder.[0m[0m
[1m[34m==>[0m In place processing templates in 'debian' folder.[0m[0m
Expanding 'debian/copyright.em' -> 'debian/copyright'[0m
Expanding 'debian/compat.em' -> 'debian/compat'[0m
Expanding 'debian/control.em' -> 'debian/control'[0m
Expanding 'debian/rules.em' -> 'debian/rules'[0m
Expanding 'debian/source/format.em' -> 'debian/source/format'[0m
Expanding 'debian/source/options.em' -> 'debian/source/options'[0m
Expanding 'debian/changelog.em' -> 'debian/changelog'[0m
[33mThis version of bloom is '0.12.0', but the newest available version is '0.13.0'. Please update.[0m
