ROS Distro index file associate with commit '41f8c133dac434049748da57fecdd01ab1348dd0'[0m
New ROS Distro index url: 'https://raw.githubusercontent.com/ros/rosdistro/41f8c133dac434049748da57fecdd01ab1348dd0/index-v4.yaml'[0m
[1m[32m==> [0m[0mGenerating debs for [36mdebian:bookworm[0m for package(s) ['imu_pipeline'][0m[0m
[33mNo historical releaser history, using current maintainer name and email for each versioned changelog entry.[0m
Package 'imu-pipeline' has dependencies:[0m
[35mRun Dependencies:[0m[0m
  [22m[4mrosdep key           => bookworm key[0m[0m
  [36mimu_processors       [35m=> [36m['ros-one-imu-processors'][0m[0m
  [36mimu_transformer      [35m=> [36m['ros-one-imu-transformer'][0m[0m
[35mBuild and Build Tool Dependencies:[0m[0m
  [22m[4mrosdep key           => bookworm key[0m[0m
  [36mcatkin               [35m=> [36m['catkin', 'libgtest-dev', 'libgmock-dev'][0m[0m
[1m[34m==>[0m Placing templates files in the 'debian' folder.[0m[0m
[1m[34m==>[0m In place processing templates in 'debian' folder.[0m[0m
Expanding 'debian/copyright.em' -> 'debian/copyright'[0m
Expanding 'debian/control.em' -> 'debian/control'[0m
Expanding 'debian/rules.em' -> 'debian/rules'[0m
Expanding 'debian/compat.em' -> 'debian/compat'[0m
Expanding 'debian/source/format.em' -> 'debian/source/format'[0m
Expanding 'debian/source/options.em' -> 'debian/source/options'[0m
Expanding 'debian/changelog.em' -> 'debian/changelog'[0m
[33mThis version of bloom is '0.12.0', but the newest available version is '0.13.0'. Please update.[0m
