ROS Distro index file associate with commit '78d211df629cc1897649d244c72b766bf065a4b6'[0m
New ROS Distro index url: 'https://raw.githubusercontent.com/ros/rosdistro/78d211df629cc1897649d244c72b766bf065a4b6/index-v4.yaml'[0m
[1m[32m==> [0m[0mGenerating debs for [36mdebian:bookworm[0m for package(s) ['intera_examples'][0m[0m
[33mNo historical releaser history, using current maintainer name and email for each versioned changelog entry.[0m
[33m[0m
[33mA CHANGELOG.rst was found, but no changelog for this version was found.[0m
[33mYou REALLY should have a entry (even a blank one) for each version of your package.[0m
[33m[0m
Package 'intera-examples' has dependencies:[0m
[35mRun Dependencies:[0m[0m
  [22m[4mrosdep key           => bookworm key[0m[0m
  [36mrospy                [35m=> [36m['ros-one-rospy'][0m[0m
  [36mactionlib            [35m=> [36m['ros-one-actionlib'][0m[0m
  [36msensor_msgs          [35m=> [36m['ros-one-sensor-msgs'][0m[0m
  [36mcontrol_msgs         [35m=> [36m['ros-one-control-msgs'][0m[0m
  [36mtrajectory_msgs      [35m=> [36m['ros-one-trajectory-msgs'][0m[0m
  [36mcv_bridge            [35m=> [36m['ros-one-cv-bridge'][0m[0m
  [36mdynamic_reconfigure  [35m=> [36m['ros-one-dynamic-reconfigure'][0m[0m
  [36mintera_core_msgs     [35m=> [36m['ros-one-intera-core-msgs'][0m[0m
  [36mintera_motion_msgs   [35m=> [36m['ros-one-intera-motion-msgs'][0m[0m
  [36mintera_interface     [35m=> [36m['ros-one-intera-interface'][0m[0m
  [36mjoystick_drivers     [35m=> [36m['ros-one-joystick-drivers'][0m[0m
[35mBuild and Build Tool Dependencies:[0m[0m
  [22m[4mrosdep key           => bookworm key[0m[0m
  [36mrospy                [35m=> [36m['ros-one-rospy'][0m[0m
  [36mactionlib            [35m=> [36m['ros-one-actionlib'][0m[0m
  [36msensor_msgs          [35m=> [36m['ros-one-sensor-msgs'][0m[0m
  [36mcontrol_msgs         [35m=> [36m['ros-one-control-msgs'][0m[0m
  [36mtrajectory_msgs      [35m=> [36m['ros-one-trajectory-msgs'][0m[0m
  [36mcv_bridge            [35m=> [36m['ros-one-cv-bridge'][0m[0m
  [36mdynamic_reconfigure  [35m=> [36m['ros-one-dynamic-reconfigure'][0m[0m
  [36mintera_core_msgs     [35m=> [36m['ros-one-intera-core-msgs'][0m[0m
  [36mintera_motion_msgs   [35m=> [36m['ros-one-intera-motion-msgs'][0m[0m
  [36mintera_interface     [35m=> [36m['ros-one-intera-interface'][0m[0m
  [36mcatkin               [35m=> [36m['ros-one-catkin'][0m[0m
  [36mpython3-setuptools   [35m=> [36m['python3-setuptools'][0m[0m
[1m[34m==>[0m Placing templates files in the 'debian' folder.[0m[0m
[1m[34m==>[0m In place processing templates in 'debian' folder.[0m[0m
Expanding 'debian/copyright.em' -> 'debian/copyright'[0m
Expanding 'debian/compat.em' -> 'debian/compat'[0m
Expanding 'debian/control.em' -> 'debian/control'[0m
Expanding 'debian/rules.em' -> 'debian/rules'[0m
Expanding 'debian/source/format.em' -> 'debian/source/format'[0m
Expanding 'debian/source/options.em' -> 'debian/source/options'[0m
Expanding 'debian/changelog.em' -> 'debian/changelog'[0m
[33mThis version of bloom is '0.12.0', but the newest available version is '0.13.0'. Please update.[0m
