[31m[1mCould not resolve rosdep key 'libogre-dev' for distro 'trixie':[0m
[31m[1mTry to resolve the problem with rosdep and then continue.[0m
ROS Distro index file associate with commit '989a74401808a6710f4b369307b70f682268f3e1'[0m
New ROS Distro index url: 'https://raw.githubusercontent.com/ros/rosdistro/989a74401808a6710f4b369307b70f682268f3e1/index-v4.yaml'[0m
[1m[32m==> [0m[0mGenerating debs for [36mdebian:trixie[0m for package(s) ['moveit_ros_visualization'][0m[0m
No definition of [libogre-dev] for OS version [trixie]
	rosdep key : libogre-dev
	OS name    : debian
	OS version : trixie
	Data:
arch:
		- ogre
		debian:
		  bullseye:
		  - libogre-1.9-dev
		  buster:
		  - libogre-1.9-dev
		  stretch:
		  - libogre-1.9-dev
		  wheezy:
		  - libogre-dev
		fedora:
		- ogre-devel
		freebsd:
		- ogre3d
		gentoo:
		- dev-games/ogre
		macports:
		- ogre
		nixos:
		- ogre1_9
		openembedded:
		- ogre@meta-ros-common
		opensuse:
		- libOgreMain-devel
		- libOgreOverlay-devel
		- libOgrePaging-devel
		- libOgreProperty-devel
		- libOgreRTShaderSystem-devel
		- libOgreTerrain-devel
		- libOgreVolume-devel
		slackware:
		- ogre
		ubuntu:
		- libogre-1.9-dev
		
[31m[1merror: (25, 'Inappropriate ioctl for device')[0m
[33mThis version of bloom is '0.12.0', but the newest available version is '0.14.3'. Please update.[0m
