ROS Distro index file associate with commit '78d211df629cc1897649d244c72b766bf065a4b6'[0m
New ROS Distro index url: 'https://raw.githubusercontent.com/ros/rosdistro/78d211df629cc1897649d244c72b766bf065a4b6/index-v4.yaml'[0m
[1m[32m==> [0m[0mGenerating debs for [36mdebian:bookworm[0m for package(s) ['ompl'][0m[0m
[33mNo historical releaser history, using current maintainer name and email for each versioned changelog entry.[0m
[33mNo CHANGELOG.rst found for package 'ompl'[0m
Package 'ompl' has dependencies:[0m
[35mRun Dependencies:[0m[0m
  [22m[4mrosdep key           => bookworm key[0m[0m
  [36mlibboost-program-options [35m=> [36m[][0m[0m
  [36mlibboost-serialization [35m=> [36m[][0m[0m
  [36meigen                [35m=> [36m['libeigen3-dev'][0m[0m
  [36mlibflann-dev         [35m=> [36m['libflann-dev'][0m[0m
  [36myaml-cpp             [35m=> [36m['libyaml-cpp-dev'][0m[0m
[35mBuild and Build Tool Dependencies:[0m[0m
  [22m[4mrosdep key           => bookworm key[0m[0m
  [36mcmake                [35m=> [36m['cmake'][0m[0m
  [36mlibboost-program-options-dev [35m=> [36m['libboost-program-options-dev'][0m[0m
  [36mlibboost-serialization-dev [35m=> [36m['libboost-serialization-dev'][0m[0m
  [36meigen                [35m=> [36m['libeigen3-dev'][0m[0m
  [36mpkg-config           [35m=> [36m['pkg-config'][0m[0m
  [36mlibflann-dev         [35m=> [36m['libflann-dev'][0m[0m
  [36myaml-cpp             [35m=> [36m['libyaml-cpp-dev'][0m[0m
  [36mcmake                [35m=> [36m['cmake'][0m[0m
[1m[34m==>[0m Placing templates files in the 'debian' folder.[0m[0m
[1m[34m==>[0m In place processing templates in 'debian' folder.[0m[0m
Expanding 'debian/copyright.em' -> 'debian/copyright'[0m
Expanding 'debian/compat.em' -> 'debian/compat'[0m
Expanding 'debian/control.em' -> 'debian/control'[0m
Expanding 'debian/rules.em' -> 'debian/rules'[0m
Expanding 'debian/source/format.em' -> 'debian/source/format'[0m
Expanding 'debian/source/options.em' -> 'debian/source/options'[0m
Expanding 'debian/changelog.em' -> 'debian/changelog'[0m
[33mThis version of bloom is '0.12.0', but the newest available version is '0.13.0'. Please update.[0m
