[31m[1mCould not resolve rosdep key 'gazebo' for distro 'bookworm':[0m
[31m[1mTry to resolve the problem with rosdep and then continue.[0m
ROS Distro index file associate with commit '888f5d3a3f8a33fa8a7cf8deb86bdf8bccc3a1c1'[0m
New ROS Distro index url: 'https://raw.githubusercontent.com/ros/rosdistro/888f5d3a3f8a33fa8a7cf8deb86bdf8bccc3a1c1/index-v4.yaml'[0m
[1m[32m==> [0m[0mGenerating debs for [36mdebian:bookworm[0m for package(s) ['pr2_controller_configuration_gazebo'][0m[0m
No definition of [gazebo] for OS version [bookworm]
	rosdep key : gazebo
	OS name    : debian
	OS version : bookworm
	Data:
arch:
		- gazebo
		debian:
		  buster:
		  - gazebo11
		  stretch:
		  - gazebo9
		fedora:
		- gazebo
		gentoo:
		- sci-electronics/gazebo
		nixos:
		- gazebo
		slackware:
		- gazebo
		ubuntu:
		  bionic:
		  - gazebo9
		  focal:
		  - gazebo11
		  jammy:
		  - gazebo
		
[31m[1merror: (25, 'Inappropriate ioctl for device')[0m
[33mThis version of bloom is '0.12.0', but the newest available version is '0.14.3'. Please update.[0m
