ROS Distro index file associate with commit '989a74401808a6710f4b369307b70f682268f3e1'[0m
New ROS Distro index url: 'https://raw.githubusercontent.com/ros/rosdistro/989a74401808a6710f4b369307b70f682268f3e1/index-v4.yaml'[0m
[1m[32m==> [0m[0mGenerating debs for [36mdebian:trixie[0m for package(s) ['pr2_gripper_sensor_action'][0m[0m
[33mNo historical releaser history, using current maintainer name and email for each versioned changelog entry.[0m
Package 'pr2-gripper-sensor-action' has dependencies:[0m
[35mRun Dependencies:[0m[0m
  [22m[4mrosdep key           => trixie key[0m[0m
  [36mmessage_runtime      [35m=> [36m['ros-one-message-runtime'][0m[0m
  [36mroscpp               [35m=> [36m['ros-one-roscpp'][0m[0m
  [36mactionlib_msgs       [35m=> [36m['ros-one-actionlib-msgs'][0m[0m
  [36mactionlib            [35m=> [36m['ros-one-actionlib'][0m[0m
  [36mpr2_gripper_sensor_msgs [35m=> [36m['ros-one-pr2-gripper-sensor-msgs'][0m[0m
  [36mpr2_mechanism_controllers [35m=> [36m['ros-one-pr2-mechanism-controllers'][0m[0m
  [36mrobot_mechanism_controllers [35m=> [36m['ros-one-robot-mechanism-controllers'][0m[0m
  [36mpr2_controllers_msgs [35m=> [36m['ros-one-pr2-controllers-msgs'][0m[0m
  [36mpr2_mechanism_model  [35m=> [36m['ros-one-pr2-mechanism-model'][0m[0m
  [36mpr2_gripper_sensor_controller [35m=> [36m['ros-one-pr2-gripper-sensor-controller'][0m[0m
  [36mpr2_machine          [35m=> [36m['ros-one-pr2-machine'][0m[0m
[35mBuild and Build Tool Dependencies:[0m[0m
  [22m[4mrosdep key           => trixie key[0m[0m
  [36mroscpp               [35m=> [36m['ros-one-roscpp'][0m[0m
  [36mactionlib_msgs       [35m=> [36m['ros-one-actionlib-msgs'][0m[0m
  [36mactionlib            [35m=> [36m['ros-one-actionlib'][0m[0m
  [36mpr2_gripper_sensor_msgs [35m=> [36m['ros-one-pr2-gripper-sensor-msgs'][0m[0m
  [36mpr2_mechanism_controllers [35m=> [36m['ros-one-pr2-mechanism-controllers'][0m[0m
  [36mrobot_mechanism_controllers [35m=> [36m['ros-one-robot-mechanism-controllers'][0m[0m
  [36mpr2_controllers_msgs [35m=> [36m['ros-one-pr2-controllers-msgs'][0m[0m
  [36mpr2_mechanism_model  [35m=> [36m['ros-one-pr2-mechanism-model'][0m[0m
  [36mpr2_gripper_sensor_controller [35m=> [36m['ros-one-pr2-gripper-sensor-controller'][0m[0m
  [36mpr2_machine          [35m=> [36m['ros-one-pr2-machine'][0m[0m
  [36mmessage_generation   [35m=> [36m['ros-one-message-generation'][0m[0m
  [36mcatkin               [35m=> [36m['ros-one-catkin'][0m[0m
[1m[34m==>[0m Placing templates files in the 'debian' folder.[0m[0m
[1m[34m==>[0m In place processing templates in 'debian' folder.[0m[0m
Expanding 'debian/source/format.em' -> 'debian/source/format'[0m
Expanding 'debian/source/options.em' -> 'debian/source/options'[0m
Expanding 'debian/rules.em' -> 'debian/rules'[0m
Expanding 'debian/changelog.em' -> 'debian/changelog'[0m
Expanding 'debian/control.em' -> 'debian/control'[0m
Expanding 'debian/copyright.em' -> 'debian/copyright'[0m
Expanding 'debian/compat.em' -> 'debian/compat'[0m
[33mThis version of bloom is '0.12.0', but the newest available version is '0.14.3'. Please update.[0m
