ROS Distro index file associate with commit '989a74401808a6710f4b369307b70f682268f3e1'[0m
New ROS Distro index url: 'https://raw.githubusercontent.com/ros/rosdistro/989a74401808a6710f4b369307b70f682268f3e1/index-v4.yaml'[0m
[1m[32m==> [0m[0mGenerating debs for [36mdebian:trixie[0m for package(s) ['ros_canopen'][0m[0m
[33mNo historical releaser history, using current maintainer name and email for each versioned changelog entry.[0m
Package 'ros-canopen' has dependencies:[0m
[35mRun Dependencies:[0m[0m
  [22m[4mrosdep key           => trixie key[0m[0m
  [36mcan_msgs             [35m=> [36m['ros-one-can-msgs'][0m[0m
  [36mcanopen_402          [35m=> [36m['ros-one-canopen-402'][0m[0m
  [36mcanopen_chain_node   [35m=> [36m['ros-one-canopen-chain-node'][0m[0m
  [36mcanopen_master       [35m=> [36m['ros-one-canopen-master'][0m[0m
  [36mcanopen_motor_node   [35m=> [36m['ros-one-canopen-motor-node'][0m[0m
  [36msocketcan_bridge     [35m=> [36m['ros-one-socketcan-bridge'][0m[0m
  [36msocketcan_interface  [35m=> [36m['ros-one-socketcan-interface'][0m[0m
[35mBuild and Build Tool Dependencies:[0m[0m
  [22m[4mrosdep key           => trixie key[0m[0m
  [36mcatkin               [35m=> [36m['ros-one-catkin'][0m[0m
[1m[34m==>[0m Placing templates files in the 'debian' folder.[0m[0m
[1m[34m==>[0m In place processing templates in 'debian' folder.[0m[0m
Expanding 'debian/source/format.em' -> 'debian/source/format'[0m
Expanding 'debian/source/options.em' -> 'debian/source/options'[0m
Expanding 'debian/rules.em' -> 'debian/rules'[0m
Expanding 'debian/changelog.em' -> 'debian/changelog'[0m
Expanding 'debian/control.em' -> 'debian/control'[0m
Expanding 'debian/copyright.em' -> 'debian/copyright'[0m
Expanding 'debian/compat.em' -> 'debian/compat'[0m
[33mThis version of bloom is '0.12.0', but the newest available version is '0.14.3'. Please update.[0m
