<string>:383: (WARNING/2) Inline emphasis start-string without end-string.
ROS Distro index file associate with commit '41f8c133dac434049748da57fecdd01ab1348dd0'[0m
New ROS Distro index url: 'https://raw.githubusercontent.com/ros/rosdistro/41f8c133dac434049748da57fecdd01ab1348dd0/index-v4.yaml'[0m
[1m[32m==> [0m[0mGenerating debs for [36mdebian:bookworm[0m for package(s) ['roseus_tutorials'][0m[0m
[33mNo historical releaser history, using current maintainer name and email for each versioned changelog entry.[0m
Package 'roseus-tutorials' has dependencies:[0m
[35mRun Dependencies:[0m[0m
  [22m[4mrosdep key           => bookworm key[0m[0m
  [36muvc_camera           [35m=> [36m['ros-one-uvc-camera'][0m[0m
  [36mar_track_alvar       [35m=> [36m['ros-one-ar-track-alvar'][0m[0m
  [36mopencv_apps          [35m=> [36m['ros-one-opencv-apps'][0m[0m
  [36mcheckerboard_detector [35m=> [36m['ros-one-checkerboard-detector'][0m[0m
  [36mimage_proc           [35m=> [36m['ros-one-image-proc'][0m[0m
  [36mimage_view2          [35m=> [36m['ros-one-image-view2'][0m[0m
  [36mposedetection_msgs   [35m=> [36m['ros-one-posedetection-msgs'][0m[0m
  [36mvisualization_msgs   [35m=> [36m['ros-one-visualization-msgs'][0m[0m
  [36mjsk_recognition_msgs [35m=> [36m['ros-one-jsk-recognition-msgs'][0m[0m
[35mBuild and Build Tool Dependencies:[0m[0m
  [22m[4mrosdep key           => bookworm key[0m[0m
  [36mroseus               [35m=> [36m['ros-one-roseus'][0m[0m
  [36mcatkin               [35m=> [36m['catkin', 'libgtest-dev', 'libgmock-dev'][0m[0m
[1m[34m==>[0m Placing templates files in the 'debian' folder.[0m[0m
[1m[34m==>[0m In place processing templates in 'debian' folder.[0m[0m
Expanding 'debian/copyright.em' -> 'debian/copyright'[0m
Expanding 'debian/control.em' -> 'debian/control'[0m
Expanding 'debian/rules.em' -> 'debian/rules'[0m
Expanding 'debian/compat.em' -> 'debian/compat'[0m
Expanding 'debian/source/format.em' -> 'debian/source/format'[0m
Expanding 'debian/source/options.em' -> 'debian/source/options'[0m
Expanding 'debian/changelog.em' -> 'debian/changelog'[0m
[33mThis version of bloom is '0.12.0', but the newest available version is '0.13.0'. Please update.[0m
