ROS Distro index file associate with commit 'd05d093d824c06bb72ccc58e2075c0bb4dc8aa50'[0m
New ROS Distro index url: 'https://raw.githubusercontent.com/ros/rosdistro/d05d093d824c06bb72ccc58e2075c0bb4dc8aa50/index-v4.yaml'[0m
[1m[32m==> [0m[0mGenerating debs for [36mdebian:trixie[0m for package(s) ['rtabmap_examples'][0m[0m
[33mNo homepage set, defaulting to ''[0m
[33mNo historical releaser history, using current maintainer name and email for each versioned changelog entry.[0m
[33mNo CHANGELOG.rst found for package 'rtabmap_examples'[0m
Package 'rtabmap-examples' has dependencies:[0m
[35mRun Dependencies:[0m[0m
  [22m[4mrosdep key           => trixie key[0m[0m
  [36mrtabmap_costmap_plugins [35m=> [36m['ros-one-rtabmap-costmap-plugins'][0m[0m
  [36mrtabmap_launch       [35m=> [36m['ros-one-rtabmap-launch'][0m[0m
  [36mrtabmap_msgs         [35m=> [36m['ros-one-rtabmap-msgs'][0m[0m
  [36mrtabmap_odom         [35m=> [36m['ros-one-rtabmap-odom'][0m[0m
  [36mrtabmap_rviz_plugins [35m=> [36m['ros-one-rtabmap-rviz-plugins'][0m[0m
  [36mrtabmap_slam         [35m=> [36m['ros-one-rtabmap-slam'][0m[0m
  [36mrtabmap_util         [35m=> [36m['ros-one-rtabmap-util'][0m[0m
  [36mrtabmap_viz          [35m=> [36m['ros-one-rtabmap-viz'][0m[0m
  [36mrtabmap_demos        [35m=> [36m['ros-one-rtabmap-demos'][0m[0m
  [36mrobot_localization   [35m=> [36m['ros-one-robot-localization'][0m[0m
  [36mimu_filter_madgwick  [35m=> [36m['ros-one-imu-filter-madgwick'][0m[0m
  [36mimu_complementary_filter [35m=> [36m['ros-one-imu-complementary-filter'][0m[0m
  [36mrealsense2_camera    [35m=> [36m['ros-one-realsense2-camera'][0m[0m
  [36mvelodyne_pointcloud  [35m=> [36m['ros-one-velodyne-pointcloud'][0m[0m
  [36mroscpp               [35m=> [36m['ros-one-roscpp'][0m[0m
  [36mrtabmap_conversions  [35m=> [36m['ros-one-rtabmap-conversions'][0m[0m
  [36mmessage_filters      [35m=> [36m['ros-one-message-filters'][0m[0m
[35mBuild and Build Tool Dependencies:[0m[0m
  [22m[4mrosdep key           => trixie key[0m[0m
  [36mroscpp               [35m=> [36m['ros-one-roscpp'][0m[0m
  [36mrtabmap_conversions  [35m=> [36m['ros-one-rtabmap-conversions'][0m[0m
  [36mmessage_filters      [35m=> [36m['ros-one-message-filters'][0m[0m
  [36mcatkin               [35m=> [36m['ros-one-catkin'][0m[0m
[1m[34m==>[0m Placing templates files in the 'debian' folder.[0m[0m
[1m[34m==>[0m In place processing templates in 'debian' folder.[0m[0m
Expanding 'debian/source/format.em' -> 'debian/source/format'[0m
Expanding 'debian/source/options.em' -> 'debian/source/options'[0m
Expanding 'debian/rules.em' -> 'debian/rules'[0m
Expanding 'debian/changelog.em' -> 'debian/changelog'[0m
Expanding 'debian/control.em' -> 'debian/control'[0m
Expanding 'debian/copyright.em' -> 'debian/copyright'[0m
Expanding 'debian/compat.em' -> 'debian/compat'[0m
[33mThis version of bloom is '0.12.0', but the newest available version is '0.14.3'. Please update.[0m
