ROS Distro index file associate with commit '888f5d3a3f8a33fa8a7cf8deb86bdf8bccc3a1c1'[0m
New ROS Distro index url: 'https://raw.githubusercontent.com/ros/rosdistro/888f5d3a3f8a33fa8a7cf8deb86bdf8bccc3a1c1/index-v4.yaml'[0m
[1m[32m==> [0m[0mGenerating debs for [36mdebian:bookworm[0m for package(s) ['rviz_textured_quads'][0m[0m
[33mNo homepage set, defaulting to ''[0m
[33mNo historical releaser history, using current maintainer name and email for each versioned changelog entry.[0m
[33mNo CHANGELOG.rst found for package 'rviz_textured_quads'[0m
Package 'rviz-textured-quads' has dependencies:[0m
[35mRun Dependencies:[0m[0m
  [22m[4mrosdep key           => bookworm key[0m[0m
  [36mroscpp               [35m=> [36m['ros-one-roscpp'][0m[0m
  [36mrospy                [35m=> [36m['ros-one-rospy'][0m[0m
  [36mroslib               [35m=> [36m['ros-one-roslib'][0m[0m
  [36mroslint              [35m=> [36m['ros-one-roslint'][0m[0m
  [36mstd_msgs             [35m=> [36m['ros-one-std-msgs'][0m[0m
  [36msensor_msgs          [35m=> [36m['ros-one-sensor-msgs'][0m[0m
  [36mshape_msgs           [35m=> [36m['ros-one-shape-msgs'][0m[0m
  [36mpluginlib            [35m=> [36m['ros-one-pluginlib'][0m[0m
  [36mclass_loader         [35m=> [36m['ros-one-class-loader'][0m[0m
  [36mrviz                 [35m=> [36m['ros-one-rviz'][0m[0m
  [36mcv_bridge            [35m=> [36m['ros-one-cv-bridge'][0m[0m
  [36mmessage_runtime      [35m=> [36m['ros-one-message-runtime'][0m[0m
  [36mgeometry_msgs        [35m=> [36m['ros-one-geometry-msgs'][0m[0m
  [36mcmake_modules        [35m=> [36m['ros-one-cmake-modules'][0m[0m
  [36meigen_conversions    [35m=> [36m['ros-one-eigen-conversions'][0m[0m
  [36mtf_conversions       [35m=> [36m['ros-one-tf-conversions'][0m[0m
[35mBuild and Build Tool Dependencies:[0m[0m
  [22m[4mrosdep key           => bookworm key[0m[0m
  [36mroscpp               [35m=> [36m['ros-one-roscpp'][0m[0m
  [36mrospy                [35m=> [36m['ros-one-rospy'][0m[0m
  [36mroslib               [35m=> [36m['ros-one-roslib'][0m[0m
  [36mroslint              [35m=> [36m['ros-one-roslint'][0m[0m
  [36mstd_msgs             [35m=> [36m['ros-one-std-msgs'][0m[0m
  [36msensor_msgs          [35m=> [36m['ros-one-sensor-msgs'][0m[0m
  [36mshape_msgs           [35m=> [36m['ros-one-shape-msgs'][0m[0m
  [36mpluginlib            [35m=> [36m['ros-one-pluginlib'][0m[0m
  [36mclass_loader         [35m=> [36m['ros-one-class-loader'][0m[0m
  [36mrviz                 [35m=> [36m['ros-one-rviz'][0m[0m
  [36mcv_bridge            [35m=> [36m['ros-one-cv-bridge'][0m[0m
  [36mmessage_generation   [35m=> [36m['ros-one-message-generation'][0m[0m
  [36mgeometry_msgs        [35m=> [36m['ros-one-geometry-msgs'][0m[0m
  [36msensor_msgs          [35m=> [36m['ros-one-sensor-msgs'][0m[0m
  [36mcmake_modules        [35m=> [36m['ros-one-cmake-modules'][0m[0m
  [36meigen_conversions    [35m=> [36m['ros-one-eigen-conversions'][0m[0m
  [36mrviz                 [35m=> [36m['ros-one-rviz'][0m[0m
  [36mtf_conversions       [35m=> [36m['ros-one-tf-conversions'][0m[0m
  [36mcatkin               [35m=> [36m['catkin', 'libgtest-dev', 'libgmock-dev'][0m[0m
[1m[34m==>[0m Placing templates files in the 'debian' folder.[0m[0m
[1m[34m==>[0m In place processing templates in 'debian' folder.[0m[0m
Expanding 'debian/rules.em' -> 'debian/rules'[0m
Expanding 'debian/source/options.em' -> 'debian/source/options'[0m
Expanding 'debian/source/format.em' -> 'debian/source/format'[0m
Expanding 'debian/changelog.em' -> 'debian/changelog'[0m
Expanding 'debian/control.em' -> 'debian/control'[0m
Expanding 'debian/copyright.em' -> 'debian/copyright'[0m
Expanding 'debian/compat.em' -> 'debian/compat'[0m
[33mThis version of bloom is '0.12.0', but the newest available version is '0.14.3'. Please update.[0m
