ROS Distro index file associate with commit '78d211df629cc1897649d244c72b766bf065a4b6'[0m
New ROS Distro index url: 'https://raw.githubusercontent.com/ros/rosdistro/78d211df629cc1897649d244c72b766bf065a4b6/index-v4.yaml'[0m
[1m[32m==> [0m[0mGenerating debs for [36mdebian:bookworm[0m for package(s) ['spinnaker_camera_driver'][0m[0m
[33mNo historical releaser history, using current maintainer name and email for each versioned changelog entry.[0m
Package 'spinnaker-camera-driver' has dependencies:[0m
[35mRun Dependencies:[0m[0m
  [22m[4mrosdep key           => bookworm key[0m[0m
  [36mimage_proc           [35m=> [36m['ros-one-image-proc'][0m[0m
  [36mroscpp               [35m=> [36m['ros-one-roscpp'][0m[0m
  [36mnodelet              [35m=> [36m['ros-one-nodelet'][0m[0m
  [36msensor_msgs          [35m=> [36m['ros-one-sensor-msgs'][0m[0m
  [36mwfov_camera_msgs     [35m=> [36m['ros-one-wfov-camera-msgs'][0m[0m
  [36mimage_exposure_msgs  [35m=> [36m['ros-one-image-exposure-msgs'][0m[0m
  [36mcamera_info_manager  [35m=> [36m['ros-one-camera-info-manager'][0m[0m
  [36mimage_transport      [35m=> [36m['ros-one-image-transport'][0m[0m
  [36mdynamic_reconfigure  [35m=> [36m['ros-one-dynamic-reconfigure'][0m[0m
  [36mdiagnostic_updater   [35m=> [36m['ros-one-diagnostic-updater'][0m[0m
  [36mlibusb-1.0-dev       [35m=> [36m['libusb-1.0-0-dev'][0m[0m
[35mBuild and Build Tool Dependencies:[0m[0m
  [22m[4mrosdep key           => bookworm key[0m[0m
  [36mcurl                 [35m=> [36m['libcurl4-openssl-dev', 'curl'][0m[0m
  [36mdpkg                 [35m=> [36m['dpkg'][0m[0m
  [36mroscpp               [35m=> [36m['ros-one-roscpp'][0m[0m
  [36mnodelet              [35m=> [36m['ros-one-nodelet'][0m[0m
  [36msensor_msgs          [35m=> [36m['ros-one-sensor-msgs'][0m[0m
  [36mwfov_camera_msgs     [35m=> [36m['ros-one-wfov-camera-msgs'][0m[0m
  [36mimage_exposure_msgs  [35m=> [36m['ros-one-image-exposure-msgs'][0m[0m
  [36mcamera_info_manager  [35m=> [36m['ros-one-camera-info-manager'][0m[0m
  [36mimage_transport      [35m=> [36m['ros-one-image-transport'][0m[0m
  [36mdynamic_reconfigure  [35m=> [36m['ros-one-dynamic-reconfigure'][0m[0m
  [36mdiagnostic_updater   [35m=> [36m['ros-one-diagnostic-updater'][0m[0m
  [36mlibusb-1.0-dev       [35m=> [36m['libusb-1.0-0-dev'][0m[0m
  [36mcatkin               [35m=> [36m['ros-one-catkin'][0m[0m
[1m[34m==>[0m Placing templates files in the 'debian' folder.[0m[0m
[1m[34m==>[0m In place processing templates in 'debian' folder.[0m[0m
Expanding 'debian/copyright.em' -> 'debian/copyright'[0m
Expanding 'debian/compat.em' -> 'debian/compat'[0m
Expanding 'debian/control.em' -> 'debian/control'[0m
Expanding 'debian/rules.em' -> 'debian/rules'[0m
Expanding 'debian/source/format.em' -> 'debian/source/format'[0m
Expanding 'debian/source/options.em' -> 'debian/source/options'[0m
Expanding 'debian/changelog.em' -> 'debian/changelog'[0m
