ROS Distro index file associate with commit '78d211df629cc1897649d244c72b766bf065a4b6'[0m
New ROS Distro index url: 'https://raw.githubusercontent.com/ros/rosdistro/78d211df629cc1897649d244c72b766bf065a4b6/index-v4.yaml'[0m
[1m[32m==> [0m[0mGenerating debs for [36mdebian:bookworm[0m for package(s) ['turtlebot3_bringup'][0m[0m
[33mNo historical releaser history, using current maintainer name and email for each versioned changelog entry.[0m
Package 'turtlebot3-bringup' has dependencies:[0m
[35mRun Dependencies:[0m[0m
  [22m[4mrosdep key           => bookworm key[0m[0m
  [36mturtlebot3_description [35m=> [36m['ros-one-turtlebot3-description'][0m[0m
  [36mturtlebot3_teleop    [35m=> [36m['ros-one-turtlebot3-teleop'][0m[0m
  [36mjoint_state_publisher [35m=> [36m['ros-one-joint-state-publisher'][0m[0m
  [36mrobot_state_publisher [35m=> [36m['ros-one-robot-state-publisher'][0m[0m
  [36mrosserial_python     [35m=> [36m['ros-one-rosserial-python'][0m[0m
  [36mhls_lfcd_lds_driver  [35m=> [36m['ros-one-hls-lfcd-lds-driver'][0m[0m
  [36mroscpp               [35m=> [36m['ros-one-roscpp'][0m[0m
  [36mstd_msgs             [35m=> [36m['ros-one-std-msgs'][0m[0m
  [36mdiagnostic_msgs      [35m=> [36m['ros-one-diagnostic-msgs'][0m[0m
  [36msensor_msgs          [35m=> [36m['ros-one-sensor-msgs'][0m[0m
  [36mturtlebot3_msgs      [35m=> [36m['ros-one-turtlebot3-msgs'][0m[0m
[35mBuild and Build Tool Dependencies:[0m[0m
  [22m[4mrosdep key           => bookworm key[0m[0m
  [36mroscpp               [35m=> [36m['ros-one-roscpp'][0m[0m
  [36mstd_msgs             [35m=> [36m['ros-one-std-msgs'][0m[0m
  [36mdiagnostic_msgs      [35m=> [36m['ros-one-diagnostic-msgs'][0m[0m
  [36msensor_msgs          [35m=> [36m['ros-one-sensor-msgs'][0m[0m
  [36mturtlebot3_msgs      [35m=> [36m['ros-one-turtlebot3-msgs'][0m[0m
  [36mcatkin               [35m=> [36m['ros-one-catkin'][0m[0m
[1m[34m==>[0m Placing templates files in the 'debian' folder.[0m[0m
[1m[34m==>[0m In place processing templates in 'debian' folder.[0m[0m
Expanding 'debian/copyright.em' -> 'debian/copyright'[0m
Expanding 'debian/compat.em' -> 'debian/compat'[0m
Expanding 'debian/control.em' -> 'debian/control'[0m
Expanding 'debian/rules.em' -> 'debian/rules'[0m
Expanding 'debian/source/format.em' -> 'debian/source/format'[0m
Expanding 'debian/source/options.em' -> 'debian/source/options'[0m
Expanding 'debian/changelog.em' -> 'debian/changelog'[0m
[33mThis version of bloom is '0.12.0', but the newest available version is '0.13.0'. Please update.[0m
