<string>:13: (WARNING/2) Title underline too short.

6.0.0 (2026-04-20)
-----------
<string>:13: (WARNING/2) Title underline too short.

6.0.0 (2026-04-20)
-----------
<string>:23: (WARNING/2) Title underline too short.

5.1.2 (2026-04-18)
-----------
<string>:23: (WARNING/2) Title underline too short.

5.1.2 (2026-04-18)
-----------
ROS Distro index file associate with commit '888f5d3a3f8a33fa8a7cf8deb86bdf8bccc3a1c1'[0m
New ROS Distro index url: 'https://raw.githubusercontent.com/ros/rosdistro/888f5d3a3f8a33fa8a7cf8deb86bdf8bccc3a1c1/index-v4.yaml'[0m
[1m[32m==> [0m[0mGenerating debs for [36mdebian:bookworm[0m for package(s) ['urdfdom'][0m[0m
[33mNo homepage set, defaulting to ''[0m
[33mNo historical releaser history, using current maintainer name and email for each versioned changelog entry.[0m
Package 'urdfdom' has dependencies:[0m
[35mRun Dependencies:[0m[0m
  [22m[4mrosdep key           => bookworm key[0m[0m
  [36mconsole_bridge_vendor [35m=> [36m['librosconsole-bridge-dev'][0m[0m
  [36mlibconsole-bridge-dev [35m=> [36m['libconsole-bridge-dev'][0m[0m
  [36mtinyxml2             [35m=> [36m['libtinyxml2-dev'][0m[0m
  [36murdfdom_headers      [35m=> [36m['ros-one-urdfdom-headers'][0m[0m
[35mBuild and Build Tool Dependencies:[0m[0m
  [22m[4mrosdep key           => bookworm key[0m[0m
  [36mconsole_bridge_vendor [35m=> [36m['librosconsole-bridge-dev'][0m[0m
  [36mlibconsole-bridge-dev [35m=> [36m['libconsole-bridge-dev'][0m[0m
  [36mtinyxml2             [35m=> [36m['libtinyxml2-dev'][0m[0m
  [36murdfdom_headers      [35m=> [36m['ros-one-urdfdom-headers'][0m[0m
  [36mcmake                [35m=> [36m['cmake'][0m[0m
[1m[34m==>[0m Placing templates files in the 'debian' folder.[0m[0m
[1m[34m==>[0m In place processing templates in 'debian' folder.[0m[0m
Expanding 'debian/rules.em' -> 'debian/rules'[0m
Expanding 'debian/source/options.em' -> 'debian/source/options'[0m
Expanding 'debian/source/format.em' -> 'debian/source/format'[0m
Expanding 'debian/changelog.em' -> 'debian/changelog'[0m
Expanding 'debian/control.em' -> 'debian/control'[0m
Expanding 'debian/copyright.em' -> 'debian/copyright'[0m
Expanding 'debian/compat.em' -> 'debian/compat'[0m
[33mThis version of bloom is '0.12.0', but the newest available version is '0.14.3'. Please update.[0m
